// Jest Snapshot v1, https://goo.gl/fbAQLP

exports[`UserSelectOption matches snapshot 1`] = `
<DocumentFragment>
  .c0 {
  font-family: Ubuntu,sans-serif;
  font-size: 14px;
  font-weight: normal;
  font-style: normal;
  line-height: 1.43;
  color: rgb(24,14,94);
  min-height: 32px;
  padding-left: 8px;
  padding-right: 8px;
  display: -webkit-box;
  display: -webkit-flex;
  display: -ms-flexbox;
  display: flex;
  -webkit-align-items: center;
  -webkit-box-align: center;
  -ms-flex-align: center;
  align-items: center;
  cursor: pointer;
  border-radius: 3px;
}

.c0:hover {
  background-color: rgba(131,76,196,0.1);
}

@media (max-width:768px) {
  .c0 {
    font-size: 13px;
    line-height: 1.54;
  }
}

<option
    class="c0"
    data-testid="__user-select-option__"
  />
</DocumentFragment>
`;
