// Jest Snapshot v1, https://goo.gl/fbAQLP

exports[`Tag matches snapshot 1`] = `
<DocumentFragment>
  .c0 {
  color: rgb(255,255,255);
  display: -webkit-inline-box;
  display: -webkit-inline-flex;
  display: -ms-inline-flexbox;
  display: inline-flex;
  min-height: 24px;
}

.c1 {
  font-family: Ubuntu,sans-serif;
  font-size: 14px;
  font-weight: normal;
  font-style: normal;
  line-height: 1.43;
  color: rgb(255,255,255);
  background-color: rgb(56,39,176);
  border-bottom-left-radius: 3px;
  border-top-left-radius: 3px;
  padding: 0px 5px 0px 8px;
  display: -webkit-box;
  display: -webkit-flex;
  display: -ms-flexbox;
  display: flex;
  -webkit-align-items: center;
  -webkit-box-align: center;
  -ms-flex-align: center;
  align-items: center;
}

.c2 {
  font-size: 15px;
  font-weight: normal;
  font-style: normal;
  line-height: 1;
  -webkit-font-smoothing: antialiased;
  -moz-osx-font-smoothing: grayscale;
  color: #ffffff;
  background-color: rgb(56,39,176);
  border-bottom-right-radius: 3px;
  border-top-right-radius: 3px;
  padding: 0px 5px 0px 5px;
  display: -webkit-box;
  display: -webkit-flex;
  display: -ms-flexbox;
  display: flex;
  -webkit-align-items: center;
  -webkit-box-align: center;
  -ms-flex-align: center;
  align-items: center;
}

.c2.c2.c2 {
  font-family: Otto;
}

.c2::before {
  content: '\\e911';
}

.c2:hover {
  background-color: rgba(56,39,176,0.4);
  cursor: pointer;
}

@media (max-width:768px) {
  .c1 {
    font-size: 13px;
    line-height: 1.54;
  }
}

<span
    class="c0"
    data-testid="__tag-root__"
  >
    <span
      class="c1"
    />
    <span
      class="c2"
      data-testid="__tag-close__"
      name="close"
    />
  </span>
</DocumentFragment>
`;
